---
source: crates/irontide-cli/src/progress.rs
expression: "lines.join(\"\\n\")"
---
collection  0.0%
  ↓ 0 B/s   ↑ 0 B/s   0 peers   ETA —   [Downloading]
  ├── dir/file_000.bin  [░░░░░░░░░░░░░░░░░░░░]   0.0%  1.0 KiB
  ├── dir/file_001.bin  [░░░░░░░░░░░░░░░░░░░░]   0.0%  2.0 KiB
  └── dir/file_002.bin  [░░░░░░░░░░░░░░░░░░░░]   0.0%  3.0 KiB
