---
source: crates/irontide-cli/src/progress.rs
expression: "lines.join(\"\\n\")"
---
many  40.0%
  ↓ 8.0 KB/s   ↑ 0 B/s   30 peers   ETA 9s   [Downloading]
  ├── dir/file_000.bin  [░░░░░░░░░░░░░░░░░░░░]   0.0%  1.0 KiB
  ├── dir/file_001.bin  [░░░░░░░░░░░░░░░░░░░░]   0.0%  2.0 KiB
  ├── dir/file_002.bin  [░░░░░░░░░░░░░░░░░░░░]   0.0%  3.0 KiB
  ├── dir/file_003.bin  [░░░░░░░░░░░░░░░░░░░░]   0.0%  4.0 KiB
  ├── dir/file_004.bin  [░░░░░░░░░░░░░░░░░░░░]   0.0%  5.0 KiB
  ├── dir/file_005.bin  [░░░░░░░░░░░░░░░░░░░░]   0.0%  6.0 KiB
  ├── dir/file_006.bin  [░░░░░░░░░░░░░░░░░░░░]   0.0%  7.0 KiB
  ├── dir/file_007.bin  [░░░░░░░░░░░░░░░░░░░░]   0.0%  8.0 KiB
  ├── dir/file_008.bin  [░░░░░░░░░░░░░░░░░░░░]   0.0%  9.0 KiB
  ├── dir/file_009.bin  [░░░░░░░░░░░░░░░░░░░░]   0.0%  10.0 KiB
  ├── dir/file_010.bin  [░░░░░░░░░░░░░░░░░░░░]   0.0%  11.0 KiB
  ├── dir/file_011.bin  [░░░░░░░░░░░░░░░░░░░░]   0.0%  12.0 KiB
  ├── dir/file_012.bin  [░░░░░░░░░░░░░░░░░░░░]   0.0%  13.0 KiB
  ├── dir/file_013.bin  [░░░░░░░░░░░░░░░░░░░░]   0.0%  14.0 KiB
  ├── dir/file_014.bin  [░░░░░░░░░░░░░░░░░░░░]   0.0%  15.0 KiB
  ├── dir/file_015.bin  [░░░░░░░░░░░░░░░░░░░░]   0.0%  16.0 KiB
  ├── dir/file_016.bin  [░░░░░░░░░░░░░░░░░░░░]   0.0%  17.0 KiB
  ├── dir/file_017.bin  [░░░░░░░░░░░░░░░░░░░░]   0.0%  18.0 KiB
  ├── dir/file_018.bin  [░░░░░░░░░░░░░░░░░░░░]   0.0%  19.0 KiB
  ├── dir/file_019.bin  [░░░░░░░░░░░░░░░░░░░░]   0.0%  20.0 KiB
  ├── dir/file_020.bin  [░░░░░░░░░░░░░░░░░░░░]   0.0%  21.0 KiB
  ├── dir/file_021.bin  [░░░░░░░░░░░░░░░░░░░░]   0.0%  22.0 KiB
  ├── dir/file_022.bin  [░░░░░░░░░░░░░░░░░░░░]   0.0%  23.0 KiB
  ├── dir/file_023.bin  [░░░░░░░░░░░░░░░░░░░░]   0.0%  24.0 KiB
  └── dir/file_024.bin  [░░░░░░░░░░░░░░░░░░░░]   0.0%  25.0 KiB
